// Jest Snapshot v1, https://goo.gl/fbAQLP

exports[`<Search /> renders correctly 1`] = `
<DocumentFragment>
  <form
    class="search-form"
  >
    <input
      class="search-input"
      data-testid="search-input"
      placeholder="Search for"
      type="text"
    />
    <button
      class="search-btn"
      data-testid="search-btn"
      type="submit"
    >
      Display
    </button>
  </form>
</DocumentFragment>
`;
