// Jest Snapshot v1, https://goo.gl/fbAQLP

exports[`SearchResults renders correctly 1`] = `
<DocumentFragment>
  <div
    class="search-results"
  >
    <img
      alt="spaceImage"
      class="card-image"
      data-testid="image"
      src="https://images-assets.nasa.gov/image/PIA12229/PIA12229~thumb.jpg"
    />
    <img
      alt="spaceImage"
      class="card-image"
      data-testid="image"
      src="https://images-assets.nasa.gov/image/PIA12233/PIA12233~thumb.jpg"
    />
    <img
      alt="spaceImage"
      class="card-image"
      data-testid="image"
      src="https://images-assets.nasa.gov/image/PIA14208/PIA14208~thumb.jpg"
    />
  </div>
</DocumentFragment>
`;
